../Core/Src/main.c:89:6:HAL_TIM_PeriodElapsedCallback	16	static
../Core/Src/main.c:116:5:main	8	static
../Core/Src/main.c:216:6:SystemClock_Config	88	static
../Core/Src/main.c:258:13:MX_I2C1_Init	8	static
../Core/Src/main.c:306:13:MX_TIM3_Init	40	static
../Core/Src/main.c:351:13:MX_TIM4_Init	40	static
../Core/Src/main.c:396:13:MX_UART4_Init	8	static
../Core/Src/main.c:431:13:MX_USART3_UART_Init	8	static
../Core/Src/main.c:466:13:MX_GPIO_Init	56	static
../Core/Src/main.c:582:6:Error_Handler	4	static,ignoring_inline_asm
