20:52:41 **** Incremental Build of configuration Debug for project testing_breakout ****
make -j4 all 
arm-none-eabi-gcc "../Core/Src/main.c" -mcpu=cortex-m7 -std=gnu11 -g3 -DDEBUG -DUSE_HAL_DRIVER -DSTM32F767xx -c -I../Core/Inc -I../Drivers/STM32F7xx_HAL_Driver/Inc -I../Drivers/STM32F7xx_HAL_Driver/Inc/Legacy -I../Drivers/CMSIS/Device/ST/STM32F7xx/Include -I../Drivers/CMSIS/Include -O0 -ffunction-sections -fdata-sections -Wall -fstack-usage -MMD -MP -MF"Core/Src/main.d" -MT"Core/Src/main.o" --specs=nano.specs -mfpu=fpv5-d16 -mfloat-abi=hard -mthumb -o "Core/Src/main.o"
../Core/Src/main.c: In function 'main':
../Core/Src/main.c:88:10: warning: unused variable 'i2cread_buff' [-Wunused-variable]
   88 |  uint8_t i2cread_buff[10];
      |          ^~~~~~~~~~~~
arm-none-eabi-gcc -o "testing_breakout.elf" @"objects.list"   -mcpu=cortex-m7 -T"/home/chris/STM_projects/gps_6axis/testing_breakout/STM32F767ZITX_FLASH.ld" --specs=nosys.specs -Wl,-Map="testing_breakout.map" -Wl,--gc-sections -static --specs=nano.specs -mfpu=fpv5-d16 -mfloat-abi=hard -mthumb -Wl,--start-group -lc -lm -Wl,--end-group
Finished building target: testing_breakout.elf
 
arm-none-eabi-size   testing_breakout.elf 
arm-none-eabi-objdump -h -S  testing_breakout.elf  > "testing_breakout.list"
   text	   data	    bss	    dec	    hex	filename
  17412	    120	   1808	  19340	   4b8c	testing_breakout.elf
Finished building: default.size.stdout
 
Finished building: testing_breakout.list
 

20:52:42 Build Finished. 0 errors, 1 warnings. (took 1s.338ms)

